src/components/Admin/Employee/PayslipsAndForms.tsx(4,19): error TS2307: Cannot find module 'jspdf' or its corresponding type declarations.
src/components/Employee/Documents/DocPayslip/mainpage.tsx(4,19): error TS2307: Cannot find module 'jspdf' or its corresponding type declarations.
src/components/Employee/Salarydetails/Payslip/Payslip.tsx(8,19): error TS2307: Cannot find module 'jspdf' or its corresponding type declarations.
src/components/Employee/Salarydetails/Payslip/Viewpage.tsx(63,47): error TS2307: Cannot find module 'jspdf' or its corresponding type declarations.
